Archive member included to satisfy reference by file (symbol)

c:/program files (x86)/atmel/studio/7.0/toolchain/avr8/avr8-gnu-toolchain/bin/../lib/gcc/avr/5.4.0/avr5\libgcc.a(_udivmodsi4.o)
                              MCAL/UART/src/UART.o (__udivmodsi4)
c:/program files (x86)/atmel/studio/7.0/toolchain/avr8/avr8-gnu-toolchain/bin/../lib/gcc/avr/5.4.0/avr5\libgcc.a(_exit.o)
                              C:/Program Files (x86)/Atmel/Studio/7.0/Packs/atmel/ATmega_DFP/1.2.209/gcc/dev/atmega32/avr5/crtatmega32.o (exit)
c:/program files (x86)/atmel/studio/7.0/toolchain/avr8/avr8-gnu-toolchain/bin/../lib/gcc/avr/5.4.0/avr5\libgcc.a(_tablejump2.o)
                              ECUAL/SSD/src/SSD.o (__tablejump2__)
c:/program files (x86)/atmel/studio/7.0/toolchain/avr8/avr8-gnu-toolchain/bin/../lib/gcc/avr/5.4.0/avr5\libgcc.a(_copy_data.o)
                              MCAL/UART/src/UART_Lcfg.o (__do_copy_data)

Discarded input sections

 .data          0x00000000        0x0 C:/Program Files (x86)/Atmel/Studio/7.0/Packs/atmel/ATmega_DFP/1.2.209/gcc/dev/atmega32/avr5/crtatmega32.o
 .bss           0x00000000        0x0 C:/Program Files (x86)/Atmel/Studio/7.0/Packs/atmel/ATmega_DFP/1.2.209/gcc/dev/atmega32/avr5/crtatmega32.o
 .text          0x00000000        0x0 ECUAL/SSD/src/SSD.o
 .data          0x00000000        0x0 ECUAL/SSD/src/SSD.o
 .bss           0x00000000        0x0 ECUAL/SSD/src/SSD.o
 .text.SSD_Display_8Bit
                0x00000000       0xe4 ECUAL/SSD/src/SSD.o
 .progmem.gcc_sw_table.SSD_Display_8Bit
                0x00000000       0x20 ECUAL/SSD/src/SSD.o
 .text.SSD_Display_Decoder
                0x00000000       0x96 ECUAL/SSD/src/SSD.o
 .text.SSD_DisplayDecimalPoint
                0x00000000       0x2e ECUAL/SSD/src/SSD.o
 .text          0x00000000        0x0 main.o
 .data          0x00000000        0x0 main.o
 .bss           0x00000000        0x0 main.o
 .text          0x00000000        0x0 MCAL/Gpio/src/Gpio.o
 .data          0x00000000        0x0 MCAL/Gpio/src/Gpio.o
 .bss           0x00000000        0x0 MCAL/Gpio/src/Gpio.o
 .text.Gpio_PortDirection
                0x00000000       0x6e MCAL/Gpio/src/Gpio.o
 .text.Gpio_PortWrite
                0x00000000       0x6e MCAL/Gpio/src/Gpio.o
 .text.Gpio_PortToggle
                0x00000000       0x8a MCAL/Gpio/src/Gpio.o
 .text.Gpio_PortRead
                0x00000000       0x6e MCAL/Gpio/src/Gpio.o
 .text.Gpio_PinToggle
                0x00000000       0x96 MCAL/Gpio/src/Gpio.o
 .text.Gpio_PinRead
                0x00000000       0xcc MCAL/Gpio/src/Gpio.o
 .text.Gpio_UpperNibbleDirection
                0x00000000      0x132 MCAL/Gpio/src/Gpio.o
 .text.Gpio_UpperNibbleWrite
                0x00000000       0xe8 MCAL/Gpio/src/Gpio.o
 .text.Gpio_UpperNibbleToggle
                0x00000000       0x92 MCAL/Gpio/src/Gpio.o
 .text.Gpio_UpperNibbleRead
                0x00000000       0x7e MCAL/Gpio/src/Gpio.o
 .text.Gpio_LowerNibbleToggle
                0x00000000       0x92 MCAL/Gpio/src/Gpio.o
 .text.Gpio_LowerNibbleRead
                0x00000000       0x76 MCAL/Gpio/src/Gpio.o
 .text          0x00000000        0x0 MCAL/Interrupts/src/Interrupts.o
 .data          0x00000000        0x0 MCAL/Interrupts/src/Interrupts.o
 .bss           0x00000000        0x0 MCAL/Interrupts/src/Interrupts.o
 .text.interrupts_Off
                0x00000000       0x22 MCAL/Interrupts/src/Interrupts.o
 .text.Interrupts_ExtInt_Init
                0x00000000      0x25a MCAL/Interrupts/src/Interrupts.o
 .text          0x00000000        0x0 MCAL/SPI/src/SPI.o
 .data          0x00000000        0x0 MCAL/SPI/src/SPI.o
 .bss           0x00000000        0x0 MCAL/SPI/src/SPI.o
 .debug_line    0x00000000        0x0 MCAL/SPI/src/SPI.o
 .debug_str     0x00000000      0x12d MCAL/SPI/src/SPI.o
 .comment       0x00000000       0x31 MCAL/SPI/src/SPI.o
 .text          0x00000000        0x0 MCAL/SPI/src/SPI_Lcfg.o
 .data          0x00000000        0x0 MCAL/SPI/src/SPI_Lcfg.o
 .bss           0x00000000        0x0 MCAL/SPI/src/SPI_Lcfg.o
 .debug_line    0x00000000        0x0 MCAL/SPI/src/SPI_Lcfg.o
 .debug_str     0x00000000      0x132 MCAL/SPI/src/SPI_Lcfg.o
 .comment       0x00000000       0x31 MCAL/SPI/src/SPI_Lcfg.o
 .text          0x00000000        0x0 MCAL/UART/src/UART.o
 .data          0x00000000        0x0 MCAL/UART/src/UART.o
 .bss           0x00000000        0x0 MCAL/UART/src/UART.o
 .text.UART_Send
                0x00000000       0x3c MCAL/UART/src/UART.o
 .text.UART_SendString
                0x00000000       0x54 MCAL/UART/src/UART.o
 .text          0x00000000        0x0 MCAL/UART/src/UART_Lcfg.o
 .data          0x00000000        0x0 MCAL/UART/src/UART_Lcfg.o
 .bss           0x00000000        0x0 MCAL/UART/src/UART_Lcfg.o
 .text          0x00000000        0x0 c:/program files (x86)/atmel/studio/7.0/toolchain/avr8/avr8-gnu-toolchain/bin/../lib/gcc/avr/5.4.0/avr5\libgcc.a(_udivmodsi4.o)
 .data          0x00000000        0x0 c:/program files (x86)/atmel/studio/7.0/toolchain/avr8/avr8-gnu-toolchain/bin/../lib/gcc/avr/5.4.0/avr5\libgcc.a(_udivmodsi4.o)
 .bss           0x00000000        0x0 c:/program files (x86)/atmel/studio/7.0/toolchain/avr8/avr8-gnu-toolchain/bin/../lib/gcc/avr/5.4.0/avr5\libgcc.a(_udivmodsi4.o)
 .text.libgcc.mul
                0x00000000        0x0 c:/program files (x86)/atmel/studio/7.0/toolchain/avr8/avr8-gnu-toolchain/bin/../lib/gcc/avr/5.4.0/avr5\libgcc.a(_udivmodsi4.o)
 .text.libgcc   0x00000000        0x0 c:/program files (x86)/atmel/studio/7.0/toolchain/avr8/avr8-gnu-toolchain/bin/../lib/gcc/avr/5.4.0/avr5\libgcc.a(_udivmodsi4.o)
 .text.libgcc.prologue
                0x00000000        0x0 c:/program files (x86)/atmel/studio/7.0/toolchain/avr8/avr8-gnu-toolchain/bin/../lib/gcc/avr/5.4.0/avr5\libgcc.a(_udivmodsi4.o)
 .text.libgcc.builtins
                0x00000000        0x0 c:/program files (x86)/atmel/studio/7.0/toolchain/avr8/avr8-gnu-toolchain/bin/../lib/gcc/avr/5.4.0/avr5\libgcc.a(_udivmodsi4.o)
 .text.libgcc.fmul
                0x00000000        0x0 c:/program files (x86)/atmel/studio/7.0/toolchain/avr8/avr8-gnu-toolchain/bin/../lib/gcc/avr/5.4.0/avr5\libgcc.a(_udivmodsi4.o)
 .text.libgcc.fixed
                0x00000000        0x0 c:/program files (x86)/atmel/studio/7.0/toolchain/avr8/avr8-gnu-toolchain/bin/../lib/gcc/avr/5.4.0/avr5\libgcc.a(_udivmodsi4.o)
 .text          0x00000000        0x0 c:/program files (x86)/atmel/studio/7.0/toolchain/avr8/avr8-gnu-toolchain/bin/../lib/gcc/avr/5.4.0/avr5\libgcc.a(_exit.o)
 .data          0x00000000        0x0 c:/program files (x86)/atmel/studio/7.0/toolchain/avr8/avr8-gnu-toolchain/bin/../lib/gcc/avr/5.4.0/avr5\libgcc.a(_exit.o)
 .bss           0x00000000        0x0 c:/program files (x86)/atmel/studio/7.0/toolchain/avr8/avr8-gnu-toolchain/bin/../lib/gcc/avr/5.4.0/avr5\libgcc.a(_exit.o)
 .text.libgcc.mul
                0x00000000        0x0 c:/program files (x86)/atmel/studio/7.0/toolchain/avr8/avr8-gnu-toolchain/bin/../lib/gcc/avr/5.4.0/avr5\libgcc.a(_exit.o)
 .text.libgcc.div
                0x00000000        0x0 c:/program files (x86)/atmel/studio/7.0/toolchain/avr8/avr8-gnu-toolchain/bin/../lib/gcc/avr/5.4.0/avr5\libgcc.a(_exit.o)
 .text.libgcc   0x00000000        0x0 c:/program files (x86)/atmel/studio/7.0/toolchain/avr8/avr8-gnu-toolchain/bin/../lib/gcc/avr/5.4.0/avr5\libgcc.a(_exit.o)
 .text.libgcc.prologue
                0x00000000        0x0 c:/program files (x86)/atmel/studio/7.0/toolchain/avr8/avr8-gnu-toolchain/bin/../lib/gcc/avr/5.4.0/avr5\libgcc.a(_exit.o)
 .text.libgcc.builtins
                0x00000000        0x0 c:/program files (x86)/atmel/studio/7.0/toolchain/avr8/avr8-gnu-toolchain/bin/../lib/gcc/avr/5.4.0/avr5\libgcc.a(_exit.o)
 .text.libgcc.fmul
                0x00000000        0x0 c:/program files (x86)/atmel/studio/7.0/toolchain/avr8/avr8-gnu-toolchain/bin/../lib/gcc/avr/5.4.0/avr5\libgcc.a(_exit.o)
 .text.libgcc.fixed
                0x00000000        0x0 c:/program files (x86)/atmel/studio/7.0/toolchain/avr8/avr8-gnu-toolchain/bin/../lib/gcc/avr/5.4.0/avr5\libgcc.a(_exit.o)
 .text          0x00000000        0x0 c:/program files (x86)/atmel/studio/7.0/toolchain/avr8/avr8-gnu-toolchain/bin/../lib/gcc/avr/5.4.0/avr5\libgcc.a(_tablejump2.o)
 .data          0x00000000        0x0 c:/program files (x86)/atmel/studio/7.0/toolchain/avr8/avr8-gnu-toolchain/bin/../lib/gcc/avr/5.4.0/avr5\libgcc.a(_tablejump2.o)
 .bss           0x00000000        0x0 c:/program files (x86)/atmel/studio/7.0/toolchain/avr8/avr8-gnu-toolchain/bin/../lib/gcc/avr/5.4.0/avr5\libgcc.a(_tablejump2.o)
 .text.libgcc.mul
                0x00000000        0x0 c:/program files (x86)/atmel/studio/7.0/toolchain/avr8/avr8-gnu-toolchain/bin/../lib/gcc/avr/5.4.0/avr5\libgcc.a(_tablejump2.o)
 .text.libgcc.div
                0x00000000        0x0 c:/program files (x86)/atmel/studio/7.0/toolchain/avr8/avr8-gnu-toolchain/bin/../lib/gcc/avr/5.4.0/avr5\libgcc.a(_tablejump2.o)
 .text.libgcc   0x00000000        0xc c:/program files (x86)/atmel/studio/7.0/toolchain/avr8/avr8-gnu-toolchain/bin/../lib/gcc/avr/5.4.0/avr5\libgcc.a(_tablejump2.o)
 .text.libgcc.prologue
                0x00000000        0x0 c:/program files (x86)/atmel/studio/7.0/toolchain/avr8/avr8-gnu-toolchain/bin/../lib/gcc/avr/5.4.0/avr5\libgcc.a(_tablejump2.o)
 .text.libgcc.builtins
                0x00000000        0x0 c:/program files (x86)/atmel/studio/7.0/toolchain/avr8/avr8-gnu-toolchain/bin/../lib/gcc/avr/5.4.0/avr5\libgcc.a(_tablejump2.o)
 .text.libgcc.fmul
                0x00000000        0x0 c:/program files (x86)/atmel/studio/7.0/toolchain/avr8/avr8-gnu-toolchain/bin/../lib/gcc/avr/5.4.0/avr5\libgcc.a(_tablejump2.o)
 .text.libgcc.fixed
                0x00000000        0x0 c:/program files (x86)/atmel/studio/7.0/toolchain/avr8/avr8-gnu-toolchain/bin/../lib/gcc/avr/5.4.0/avr5\libgcc.a(_tablejump2.o)
 .text          0x00000000        0x0 c:/program files (x86)/atmel/studio/7.0/toolchain/avr8/avr8-gnu-toolchain/bin/../lib/gcc/avr/5.4.0/avr5\libgcc.a(_copy_data.o)
 .data          0x00000000        0x0 c:/program files (x86)/atmel/studio/7.0/toolchain/avr8/avr8-gnu-toolchain/bin/../lib/gcc/avr/5.4.0/avr5\libgcc.a(_copy_data.o)
 .bss           0x00000000        0x0 c:/program files (x86)/atmel/studio/7.0/toolchain/avr8/avr8-gnu-toolchain/bin/../lib/gcc/avr/5.4.0/avr5\libgcc.a(_copy_data.o)
 .text.libgcc.mul
                0x00000000        0x0 c:/program files (x86)/atmel/studio/7.0/toolchain/avr8/avr8-gnu-toolchain/bin/../lib/gcc/avr/5.4.0/avr5\libgcc.a(_copy_data.o)
 .text.libgcc.div
                0x00000000        0x0 c:/program files (x86)/atmel/studio/7.0/toolchain/avr8/avr8-gnu-toolchain/bin/../lib/gcc/avr/5.4.0/avr5\libgcc.a(_copy_data.o)
 .text.libgcc   0x00000000        0x0 c:/program files (x86)/atmel/studio/7.0/toolchain/avr8/avr8-gnu-toolchain/bin/../lib/gcc/avr/5.4.0/avr5\libgcc.a(_copy_data.o)
 .text.libgcc.prologue
                0x00000000        0x0 c:/program files (x86)/atmel/studio/7.0/toolchain/avr8/avr8-gnu-toolchain/bin/../lib/gcc/avr/5.4.0/avr5\libgcc.a(_copy_data.o)
 .text.libgcc.builtins
                0x00000000        0x0 c:/program files (x86)/atmel/studio/7.0/toolchain/avr8/avr8-gnu-toolchain/bin/../lib/gcc/avr/5.4.0/avr5\libgcc.a(_copy_data.o)
 .text.libgcc.fmul
                0x00000000        0x0 c:/program files (x86)/atmel/studio/7.0/toolchain/avr8/avr8-gnu-toolchain/bin/../lib/gcc/avr/5.4.0/avr5\libgcc.a(_copy_data.o)
 .text.libgcc.fixed
                0x00000000        0x0 c:/program files (x86)/atmel/studio/7.0/toolchain/avr8/avr8-gnu-toolchain/bin/../lib/gcc/avr/5.4.0/avr5\libgcc.a(_copy_data.o)

Memory Configuration

Name             Origin             Length             Attributes
text             0x00000000         0x00020000         xr
data             0x00800060         0x0000ffa0         rw !x
eeprom           0x00810000         0x00010000         rw !x
fuse             0x00820000         0x00000002         rw !x
lock             0x00830000         0x00000400         rw !x
signature        0x00840000         0x00000400         rw !x
user_signatures  0x00850000         0x00000400         rw !x
*default*        0x00000000         0xffffffff

Linker script and memory map

LOAD C:/Program Files (x86)/Atmel/Studio/7.0/Packs/atmel/ATmega_DFP/1.2.209/gcc/dev/atmega32/avr5/crtatmega32.o
LOAD ECUAL/SSD/src/SSD.o
LOAD main.o
LOAD MCAL/Gpio/src/Gpio.o
LOAD MCAL/Interrupts/src/Interrupts.o
LOAD MCAL/SPI/src/SPI.o
LOAD MCAL/SPI/src/SPI_Lcfg.o
LOAD MCAL/UART/src/UART.o
LOAD MCAL/UART/src/UART_Lcfg.o
START GROUP
LOAD c:/program files (x86)/atmel/studio/7.0/toolchain/avr8/avr8-gnu-toolchain/bin/../lib/gcc/avr/5.4.0/../../../../avr/lib/avr5\libm.a
END GROUP
START GROUP
LOAD c:/program files (x86)/atmel/studio/7.0/toolchain/avr8/avr8-gnu-toolchain/bin/../lib/gcc/avr/5.4.0/avr5\libgcc.a
LOAD c:/program files (x86)/atmel/studio/7.0/toolchain/avr8/avr8-gnu-toolchain/bin/../lib/gcc/avr/5.4.0/../../../../avr/lib/avr5\libm.a
LOAD c:/program files (x86)/atmel/studio/7.0/toolchain/avr8/avr8-gnu-toolchain/bin/../lib/gcc/avr/5.4.0/../../../../avr/lib/avr5\libc.a
LOAD C:/Program Files (x86)/Atmel/Studio/7.0/Packs/atmel/ATmega_DFP/1.2.209/gcc/dev/atmega32/avr5\libatmega32.a
END GROUP
                0x00020000                __TEXT_REGION_LENGTH__ = DEFINED (__TEXT_REGION_LENGTH__)?__TEXT_REGION_LENGTH__:0x20000
                0x0000ffa0                __DATA_REGION_LENGTH__ = DEFINED (__DATA_REGION_LENGTH__)?__DATA_REGION_LENGTH__:0xffa0
                0x00010000                __EEPROM_REGION_LENGTH__ = DEFINED (__EEPROM_REGION_LENGTH__)?__EEPROM_REGION_LENGTH__:0x10000
                [0x00000002]                __FUSE_REGION_LENGTH__ = DEFINED (__FUSE_REGION_LENGTH__)?__FUSE_REGION_LENGTH__:0x400
                0x00000400                __LOCK_REGION_LENGTH__ = DEFINED (__LOCK_REGION_LENGTH__)?__LOCK_REGION_LENGTH__:0x400
                0x00000400                __SIGNATURE_REGION_LENGTH__ = DEFINED (__SIGNATURE_REGION_LENGTH__)?__SIGNATURE_REGION_LENGTH__:0x400
                0x00000400                __USER_SIGNATURE_REGION_LENGTH__ = DEFINED (__USER_SIGNATURE_REGION_LENGTH__)?__USER_SIGNATURE_REGION_LENGTH__:0x400

.hash
 *(.hash)

.dynsym
 *(.dynsym)

.dynstr
 *(.dynstr)

.gnu.version
 *(.gnu.version)

.gnu.version_d
 *(.gnu.version_d)

.gnu.version_r
 *(.gnu.version_r)

.rel.init
 *(.rel.init)

.rela.init
 *(.rela.init)

.rel.text
 *(.rel.text)
 *(.rel.text.*)
 *(.rel.gnu.linkonce.t*)

.rela.text
 *(.rela.text)
 *(.rela.text.*)
 *(.rela.gnu.linkonce.t*)

.rel.fini
 *(.rel.fini)

.rela.fini
 *(.rela.fini)

.rel.rodata
 *(.rel.rodata)
 *(.rel.rodata.*)
 *(.rel.gnu.linkonce.r*)

.rela.rodata
 *(.rela.rodata)
 *(.rela.rodata.*)
 *(.rela.gnu.linkonce.r*)

.rel.data
 *(.rel.data)
 *(.rel.data.*)
 *(.rel.gnu.linkonce.d*)

.rela.data
 *(.rela.data)
 *(.rela.data.*)
 *(.rela.gnu.linkonce.d*)

.rel.ctors
 *(.rel.ctors)

.rela.ctors
 *(.rela.ctors)

.rel.dtors
 *(.rel.dtors)

.rela.dtors
 *(.rela.dtors)

.rel.got
 *(.rel.got)

.rela.got
 *(.rela.got)

.rel.bss
 *(.rel.bss)

.rela.bss
 *(.rela.bss)

.rel.plt
 *(.rel.plt)

.rela.plt
 *(.rela.plt)

.text           0x00000000      0x904
 *(.vectors)
 .vectors       0x00000000       0x54 C:/Program Files (x86)/Atmel/Studio/7.0/Packs/atmel/ATmega_DFP/1.2.209/gcc/dev/atmega32/avr5/crtatmega32.o
                0x00000000                __vector_default
                0x00000000                __vectors
 *(.vectors)
 *(.progmem.gcc*)
                0x00000054                . = ALIGN (0x2)
                0x00000054                __trampolines_start = .
 *(.trampolines)
 .trampolines   0x00000054        0x0 linker stubs
 *(.trampolines*)
                0x00000054                __trampolines_end = .
 *libprintf_flt.a:*(.progmem.data)
 *libc.a:*(.progmem.data)
 *(.progmem*)
                0x00000054                . = ALIGN (0x2)
 *(.jumptables)
 *(.jumptables*)
 *(.lowtext)
 *(.lowtext*)
                0x00000054                __ctors_start = .
 *(.ctors)
                0x00000054                __ctors_end = .
                0x00000054                __dtors_start = .
 *(.dtors)
                0x00000054                __dtors_end = .
 SORT(*)(.ctors)
 SORT(*)(.dtors)
 *(.init0)
 .init0         0x00000054        0x0 C:/Program Files (x86)/Atmel/Studio/7.0/Packs/atmel/ATmega_DFP/1.2.209/gcc/dev/atmega32/avr5/crtatmega32.o
                0x00000054                __init
 *(.init0)
 *(.init1)
 *(.init1)
 *(.init2)
 .init2         0x00000054        0xc C:/Program Files (x86)/Atmel/Studio/7.0/Packs/atmel/ATmega_DFP/1.2.209/gcc/dev/atmega32/avr5/crtatmega32.o
 *(.init2)
 *(.init3)
 *(.init3)
 *(.init4)
 .init4         0x00000060       0x16 c:/program files (x86)/atmel/studio/7.0/toolchain/avr8/avr8-gnu-toolchain/bin/../lib/gcc/avr/5.4.0/avr5\libgcc.a(_copy_data.o)
                0x00000060                __do_copy_data
 *(.init4)
 *(.init5)
 *(.init5)
 *(.init6)
 *(.init6)
 *(.init7)
 *(.init7)
 *(.init8)
 *(.init8)
 *(.init9)
 .init9         0x00000076        0x8 C:/Program Files (x86)/Atmel/Studio/7.0/Packs/atmel/ATmega_DFP/1.2.209/gcc/dev/atmega32/avr5/crtatmega32.o
 *(.init9)
 *(.text)
 .text          0x0000007e        0x4 C:/Program Files (x86)/Atmel/Studio/7.0/Packs/atmel/ATmega_DFP/1.2.209/gcc/dev/atmega32/avr5/crtatmega32.o
                0x0000007e                __vector_1
                0x0000007e                __vector_12
                0x0000007e                __bad_interrupt
                0x0000007e                __vector_6
                0x0000007e                __vector_3
                0x0000007e                __vector_11
                0x0000007e                __vector_13
                0x0000007e                __vector_17
                0x0000007e                __vector_19
                0x0000007e                __vector_7
                0x0000007e                __vector_5
                0x0000007e                __vector_4
                0x0000007e                __vector_9
                0x0000007e                __vector_2
                0x0000007e                __vector_15
                0x0000007e                __vector_8
                0x0000007e                __vector_14
                0x0000007e                __vector_10
                0x0000007e                __vector_16
                0x0000007e                __vector_18
                0x0000007e                __vector_20
                0x00000082                . = ALIGN (0x2)
 *(.text.*)
 .text.SSD_Init_BCD
                0x00000082       0xa0 ECUAL/SSD/src/SSD.o
                0x00000082                SSD_Init_BCD
 .text.SSD_Display_BCD
                0x00000122       0x26 ECUAL/SSD/src/SSD.o
                0x00000122                SSD_Display_BCD
 .text.main     0x00000148       0x26 main.o
                0x00000148                main
 .text.Gpio_PinDirection
                0x0000016e      0x158 MCAL/Gpio/src/Gpio.o
                0x0000016e                Gpio_PinDirection
 .text.Gpio_PinWrite
                0x000002c6      0x13e MCAL/Gpio/src/Gpio.o
                0x000002c6                Gpio_PinWrite
 .text.Gpio_LowerNibbleDirection
                0x00000404      0x132 MCAL/Gpio/src/Gpio.o
                0x00000404                Gpio_LowerNibbleDirection
 .text.Gpio_LowerNibbleWrite
                0x00000536       0xae MCAL/Gpio/src/Gpio.o
                0x00000536                Gpio_LowerNibbleWrite
 .text.Interrupts_On
                0x000005e4       0x22 MCAL/Interrupts/src/Interrupts.o
                0x000005e4                Interrupts_On
 .text.UART_Init
                0x00000606      0x284 MCAL/UART/src/UART.o
                0x00000606                UART_Init
 .text.UART_Receive
                0x0000088a       0x32 MCAL/UART/src/UART.o
                0x0000088a                UART_Receive
 .text.libgcc.div
                0x000008bc       0x44 c:/program files (x86)/atmel/studio/7.0/toolchain/avr8/avr8-gnu-toolchain/bin/../lib/gcc/avr/5.4.0/avr5\libgcc.a(_udivmodsi4.o)
                0x000008bc                __udivmodsi4
                0x00000900                . = ALIGN (0x2)
 *(.fini9)
 .fini9         0x00000900        0x0 c:/program files (x86)/atmel/studio/7.0/toolchain/avr8/avr8-gnu-toolchain/bin/../lib/gcc/avr/5.4.0/avr5\libgcc.a(_exit.o)
                0x00000900                _exit
                0x00000900                exit
 *(.fini9)
 *(.fini8)
 *(.fini8)
 *(.fini7)
 *(.fini7)
 *(.fini6)
 *(.fini6)
 *(.fini5)
 *(.fini5)
 *(.fini4)
 *(.fini4)
 *(.fini3)
 *(.fini3)
 *(.fini2)
 *(.fini2)
 *(.fini1)
 *(.fini1)
 *(.fini0)
 .fini0         0x00000900        0x4 c:/program files (x86)/atmel/studio/7.0/toolchain/avr8/avr8-gnu-toolchain/bin/../lib/gcc/avr/5.4.0/avr5\libgcc.a(_exit.o)
 *(.fini0)
                0x00000904                _etext = .

.data           0x00800060        0xe load address 0x00000904
                0x00800060                PROVIDE (__data_start, .)
 *(.data)
 *(.data*)
 .data.UART_Cfg_s
                0x00800060        0xd MCAL/UART/src/UART_Lcfg.o
                0x00800060                UART_Cfg_s
 *(.gnu.linkonce.d*)
 *(.rodata)
 *(.rodata*)
 *(.gnu.linkonce.r*)
                0x0080006e                . = ALIGN (0x2)
 *fill*         0x0080006d        0x1 
                0x0080006e                _edata = .
                0x0080006e                PROVIDE (__data_end, .)

.bss            0x0080006e        0x0
                [!provide]                PROVIDE (__bss_start, .)
 *(.bss)
 *(.bss*)
 *(COMMON)
                [!provide]                PROVIDE (__bss_end, .)
                0x00000904                __data_load_start = LOADADDR (.data)
                0x00000912                __data_load_end = (__data_load_start + SIZEOF (.data))

.noinit         0x0080006e        0x0
                [!provide]                PROVIDE (__noinit_start, .)
 *(.noinit*)
                [!provide]                PROVIDE (__noinit_end, .)
                0x0080006e                _end = .
                [!provide]                PROVIDE (__heap_start, .)

.eeprom         0x00810000        0x0
 *(.eeprom*)
                0x00810000                __eeprom_end = .

.fuse
 *(.fuse)
 *(.lfuse)
 *(.hfuse)
 *(.efuse)

.lock
 *(.lock*)

.signature
 *(.signature*)

.user_signatures
 *(.user_signatures*)

.stab
 *(.stab)

.stabstr
 *(.stabstr)

.stab.excl
 *(.stab.excl)

.stab.exclstr
 *(.stab.exclstr)

.stab.index
 *(.stab.index)

.stab.indexstr
 *(.stab.indexstr)

.comment        0x00000000       0x30
 *(.comment)
 .comment       0x00000000       0x30 ECUAL/SSD/src/SSD.o
                                 0x31 (size before relaxing)
 .comment       0x00000030       0x31 main.o
 .comment       0x00000030       0x31 MCAL/Gpio/src/Gpio.o
 .comment       0x00000030       0x31 MCAL/Interrupts/src/Interrupts.o
 .comment       0x00000030       0x31 MCAL/UART/src/UART.o
 .comment       0x00000030       0x31 MCAL/UART/src/UART_Lcfg.o

.note.gnu.avr.deviceinfo
                0x00000000       0x3c
 .note.gnu.avr.deviceinfo
                0x00000000       0x3c C:/Program Files (x86)/Atmel/Studio/7.0/Packs/atmel/ATmega_DFP/1.2.209/gcc/dev/atmega32/avr5/crtatmega32.o

.note.gnu.build-id
 *(.note.gnu.build-id)

.debug
 *(.debug)

.line
 *(.line)

.debug_srcinfo
 *(.debug_srcinfo)

.debug_sfnames
 *(.debug_sfnames)

.debug_aranges  0x00000000      0x178
 *(.debug_aranges)
 .debug_aranges
                0x00000000       0x40 ECUAL/SSD/src/SSD.o
 .debug_aranges
                0x00000040       0x20 main.o
 .debug_aranges
                0x00000060       0x98 MCAL/Gpio/src/Gpio.o
 .debug_aranges
                0x000000f8       0x30 MCAL/Interrupts/src/Interrupts.o
 .debug_aranges
                0x00000128       0x38 MCAL/UART/src/UART.o
 .debug_aranges
                0x00000160       0x18 MCAL/UART/src/UART_Lcfg.o

.debug_pubnames
 *(.debug_pubnames)

.debug_info     0x00000000     0x10a6
 *(.debug_info .gnu.linkonce.wi.*)
 .debug_info    0x00000000      0x4e6 C:/Program Files (x86)/Atmel/Studio/7.0/Packs/atmel/ATmega_DFP/1.2.209/gcc/dev/atmega32/avr5/crtatmega32.o
 .debug_info    0x000004e6      0x26a ECUAL/SSD/src/SSD.o
 .debug_info    0x00000750      0x151 main.o
 .debug_info    0x000008a1      0x43a MCAL/Gpio/src/Gpio.o
 .debug_info    0x00000cdb       0xe7 MCAL/Interrupts/src/Interrupts.o
 .debug_info    0x00000dc2      0x1ec MCAL/UART/src/UART.o
 .debug_info    0x00000fae       0xf8 MCAL/UART/src/UART_Lcfg.o

.debug_abbrev   0x00000000      0x92b
 *(.debug_abbrev)
 .debug_abbrev  0x00000000      0x4a3 C:/Program Files (x86)/Atmel/Studio/7.0/Packs/atmel/ATmega_DFP/1.2.209/gcc/dev/atmega32/avr5/crtatmega32.o
 .debug_abbrev  0x000004a3       0xb9 ECUAL/SSD/src/SSD.o
 .debug_abbrev  0x0000055c       0xab main.o
 .debug_abbrev  0x00000607      0x139 MCAL/Gpio/src/Gpio.o
 .debug_abbrev  0x00000740       0x9e MCAL/Interrupts/src/Interrupts.o
 .debug_abbrev  0x000007de       0xeb MCAL/UART/src/UART.o
 .debug_abbrev  0x000008c9       0x62 MCAL/UART/src/UART_Lcfg.o

.debug_line     0x00000000     0x10dc
 *(.debug_line .debug_line.* .debug_line_end)
 .debug_line    0x00000000      0x115 C:/Program Files (x86)/Atmel/Studio/7.0/Packs/atmel/ATmega_DFP/1.2.209/gcc/dev/atmega32/avr5/crtatmega32.o
 .debug_line    0x00000115      0x276 ECUAL/SSD/src/SSD.o
 .debug_line    0x0000038b       0xb9 main.o
 .debug_line    0x00000444      0x80b MCAL/Gpio/src/Gpio.o
 .debug_line    0x00000c4f      0x1ca MCAL/Interrupts/src/Interrupts.o
 .debug_line    0x00000e19      0x24d MCAL/UART/src/UART.o
 .debug_line    0x00001066       0x76 MCAL/UART/src/UART_Lcfg.o

.debug_frame    0x00000000      0x418
 *(.debug_frame)
 .debug_frame   0x00000000       0xb4 ECUAL/SSD/src/SSD.o
 .debug_frame   0x000000b4       0x34 main.o
 .debug_frame   0x000000e8      0x214 MCAL/Gpio/src/Gpio.o
 .debug_frame   0x000002fc       0x74 MCAL/Interrupts/src/Interrupts.o
 .debug_frame   0x00000370       0xa8 MCAL/UART/src/UART.o

.debug_str      0x00000000      0x6cb
 *(.debug_str)
 .debug_str     0x00000000      0x196 C:/Program Files (x86)/Atmel/Studio/7.0/Packs/atmel/ATmega_DFP/1.2.209/gcc/dev/atmega32/avr5/crtatmega32.o
 .debug_str     0x00000196      0x259 ECUAL/SSD/src/SSD.o
                                0x28d (size before relaxing)
 .debug_str     0x000003ef       0x91 main.o
                                0x229 (size before relaxing)
 .debug_str     0x00000480      0x176 MCAL/Gpio/src/Gpio.o
                                0x309 (size before relaxing)
 .debug_str     0x000005f6       0x5f MCAL/Interrupts/src/Interrupts.o
                                0x1ec (size before relaxing)
 .debug_str     0x00000655       0x59 MCAL/UART/src/UART.o
                                0x262 (size before relaxing)
 .debug_str     0x000006ae       0x1d MCAL/UART/src/UART_Lcfg.o
                                0x21c (size before relaxing)

.debug_loc      0x00000000      0x835
 *(.debug_loc)
 .debug_loc     0x00000000      0x168 ECUAL/SSD/src/SSD.o
 .debug_loc     0x00000168       0x48 main.o
 .debug_loc     0x000001b0      0x480 MCAL/Gpio/src/Gpio.o
 .debug_loc     0x00000630       0xbe MCAL/Interrupts/src/Interrupts.o
 .debug_loc     0x000006ee      0x147 MCAL/UART/src/UART.o

.debug_macinfo
 *(.debug_macinfo)

.debug_weaknames
 *(.debug_weaknames)

.debug_funcnames
 *(.debug_funcnames)

.debug_typenames
 *(.debug_typenames)

.debug_varnames
 *(.debug_varnames)

.debug_pubtypes
 *(.debug_pubtypes)

.debug_ranges   0x00000000      0x110
 *(.debug_ranges)
 .debug_ranges  0x00000000       0x30 ECUAL/SSD/src/SSD.o
 .debug_ranges  0x00000030       0x10 main.o
 .debug_ranges  0x00000040       0x88 MCAL/Gpio/src/Gpio.o
 .debug_ranges  0x000000c8       0x20 MCAL/Interrupts/src/Interrupts.o
 .debug_ranges  0x000000e8       0x28 MCAL/UART/src/UART.o

.debug_macro
 *(.debug_macro)
OUTPUT(SerialCommunication.elf elf32-avr)
LOAD linker stubs
